// Vitest Snapshot v1, https://vitest.dev/guide/snapshot.html

exports[`env > default env 1`] = `
{
  "DOCKER_IMAGE": "mozilla/addons-server",
  "DOCKER_REGISTRY": "docker.io",
  "DOCKER_TAG": "docker.io/mozilla/addons-server:local",
  "DOCKER_TARGET": "development",
  "DOCKER_VERSION": "local",
  "NODE_ENV": "development",
}
`;
